Microchip MPLAB XC8 Compiler V2.32

Linker command line:

-W-3 --edf=C:\Program Files\Microchip\xc8\v2.32\pic\dat\en_msgs.txt -cn \
  -h+dist/default/production\GeigerCounter.X.production.sym \
  --cmf=dist/default/production\GeigerCounter.X.production.cmf -z -Q16F88 \
  -oC:\Users\micha\AppData\Local\Temp\xcAs91s.4 --defsym=__MPLAB_BUILD=1 \
  -Mdist/default/production/GeigerCounter.X.production.map -E1 \
  -ver=XC8 Compiler --acfsm=1493 -ASTACK=0110h-016Fh -pstack=STACK \
  -ACODE=00h-07FFhx2 -ASTRCODE=00h-0FFFh -ASTRING=00h-0FFhx16 \
  -ACONST=00h-0FFhx16 -AENTRY=00h-0FFhx16 -ACOMMON=070h-07Fh \
  -ABANK0=020h-06Fh -ABANK1=0A0h-0EFh -ABANK2=0110h-016Fh \
  -ABANK3=0190h-01EFh -ARAM=020h-06Fh,0A0h-0EFh,0110h-016Fh,0190h-01EFh \
  -AABS1=020h-07Fh,0A0h-0EFh,0110h-016Fh,0190h-01EFh -ASFR0=00h-01Fh \
  -ASFR1=080h-09Fh -ASFR2=0100h-010Fh -ASFR3=0180h-018Fh \
  -ACONFIG=02007h-02008h -DCONFIG=2 -AIDLOC=02000h-02003h -DIDLOC=2 \
  -AEEDATA=00h-0FFh/02100h -peeprom_data=EEDATA -DEEDATA=2 -DCODE=2 \
  -DSTRCODE=2 -DSTRING=2 -DCONST=2 -DENTRY=2 \
  -preset_vec=00h,intentry=04h,init,end_init -ppowerup=CODE -pcinit=CODE \
  -pfunctab=ENTRY -k C:\Users\micha\AppData\Local\Temp\xcAs91s.o \
  dist/default/production\GeigerCounter.X.production.o 

Object code version is 3.11

Machine type is 16F88



                Name                               Link     Load   Length Selector   Space Scale
C:\Users\micha\AppData\Local\Temp\xcAs91s.o
                end_init                              B        B        2        8       0
                reset_vec                             0        0        2        0       0
                config                             2007     2007        2        0       4
dist/default/production\GeigerCounter.X.production.o
                cinit                                 D        D        A        8       0
                intentry                              4        4        7        8       0
                config                             2007     2007        2        0       4
                text13                              36D      36D       96        8       0
                text12                              5A3      5A3       44        8       0
                text11                              5E7      5E7       3A        8       0
                text10                              681      681       2E      CA6       0
                text9                               266      266      107        8       0
                text8                               555      555       4E        8       0
                text7                               653      653       2E      CA6       0
                text6                               6E8      6E8       11      CA6       0
                text5                               4FC      4FC       59        8       0
                text4                               6D3      6D3       15      CA6       0
                text3                               403      403       85        8       0
                text2                               488      488       74        8       0
                text1                               6AF      6AF       24      CA6       0
                maintext                             17       17      24F        8       0
                cstackBANK0                          20       20       1B       20       1
                cstackCOMMON                         70       70        B       70       1
                bssBANK0                             3B       3B        5       20       1
                strings                             621      621       32      C42       0

TOTAL           Name                               Link     Load   Length     Space
        CLASS   STACK          

        CLASS   CODE           
                end_init                              B        B        2         0
                cinit                                 D        D        A         0
                intentry                              4        4        7         0
                reset_vec                             0        0        2         0
                text13                              36D      36D       96         0
                text12                              5A3      5A3       44         0
                text11                              5E7      5E7       3A         0
                text10                              681      681       2E         0
                text9                               266      266      107         0
                text8                               555      555       4E         0
                text7                               653      653       2E         0
                text6                               6E8      6E8       11         0
                text5                               4FC      4FC       59         0
                text4                               6D3      6D3       15         0
                text3                               403      403       85         0
                text2                               488      488       74         0
                text1                               6AF      6AF       24         0
                maintext                             17       17      24F         0

        CLASS   STRCODE        

        CLASS   STRING         
                strings                             621      621       32         0

        CLASS   CONST          

        CLASS   ENTRY          

        CLASS   COMMON         
                cstackCOMMON                         70       70        B         1

        CLASS   BANK0          
                cstackBANK0                          20       20       1B         1
                bssBANK0                             3B       3B        5         1

        CLASS   BANK1          

        CLASS   BANK2          

        CLASS   BANK3          

        CLASS   RAM            

        CLASS   ABS1           
                abs_s1                               7E       7E        2         1

        CLASS   SFR0           

        CLASS   SFR1           

        CLASS   SFR2           

        CLASS   SFR3           

        CLASS   CONFIG         
                config                             2007     2007        2         4

        CLASS   IDLOC          

        CLASS   EEDATA         



SEGMENTS        Name                           Load    Length   Top    Selector   Space  Class     Delta

                reset_vec                      000000  000002  000002         0       0  CODE        2
                intentry                       000004  00061D  000621         8       0  CODE        2
                cstackBANK0                    000020  000020  000040        20       1  BANK0       1
                cstackCOMMON                   000070  00000B  00007B        70       1  COMMON      1
                strings                        000621  000032  000653       C42       0  STRING      2
                text7                          000653  0000A6  0006F9       CA6       0  CODE        2


UNUSED ADDRESS RANGES

        Name                Unused          Largest block    Delta
        BANK0            0040-006F             30           1
        BANK1            00A0-00EF             50           1
        BANK2            0110-016F             60           1
        BANK3            0190-01EF             60           1
        CODE             0002-0003              2           2
                         06F9-0FFF            107
        COMMON           007B-007D              3           1
        CONST            0002-0003              2           2
                         06F9-0FFF            100
        EEDATA           2100-21FF            100           2
        ENTRY            0002-0003              2           2
                         06F9-0FFF            100
        IDLOC            2000-2003              4           2
        RAM              0040-006F             30           1
                         00A0-00EF             50
                         0110-016F             60
                         0190-01EF             60
        SFR0             0000-001F             20           1
        SFR1             0080-009F             20           1
        SFR2             0100-010F             10           1
        SFR3             0180-018F             10           1
        STACK            0110-016F             60           1
        STRCODE          0002-0003              2           2
                         06F9-0FFF            907
        STRING           0002-0003              2           2
                         06F9-0FFF            100

                                  Symbol Table

?___awmod                    cstackCOMMON 0073
?___lwdiv                    cstackCOMMON 0073
?___lwmod                    cstackCOMMON 0073
_ADCON0                      (abs)        001F
_ADCON1                      (abs)        009F
_ADIE                        (abs)        0466
_ADIF                        (abs)        0066
_ADRESH                      (abs)        001E
_ADRESL                      (abs)        009E
_ANSEL                       (abs)        009B
_CCP1CON                     (abs)        0017
_INTCON                      (abs)        000B
_OPTION_REG                  (abs)        0081
_OSCCON                      (abs)        008F
_PIE1                        (abs)        008C
_PIR1                        (abs)        000C
_PORTA                       (abs)        0005
_PORTAbits                   (abs)        0005
_PORTB                       (abs)        0006
_PORTBbits                   (abs)        0006
_PR2                         (abs)        0092
_RBIE                        (abs)        005B
_RBIF                        (abs)        0058
_T1CON                       (abs)        0010
_T2CON                       (abs)        0012
_TMR0                        (abs)        0001
_TMR0IE                      (abs)        005D
_TMR0IF                      (abs)        005A
_TMR1H                       (abs)        000F
_TMR1IE                      (abs)        0460
_TMR1IF                      (abs)        0060
_TMR1L                       (abs)        000E
_TMR2IE                      (abs)        0461
_TMR2IF                      (abs)        0061
_TRISA                       (abs)        0085
_TRISB                       (abs)        0086
_WDTCON                      (abs)        0105
__Habs1                      abs1         0000
__Hbank0                     bank0        0000
__Hbank1                     bank1        0000
__Hbank2                     bank2        0000
__Hbank3                     bank3        0000
__HbssBANK0                  bssBANK0     0000
__Hcinit                     cinit        0017
__Hclrtext                   clrtext      0000
__Hcode                      code         0000
__Hcommon                    common       0000
__Hconfig                    config       2009
__HcstackBANK0               cstackBANK0  0000
__HcstackCOMMON              cstackCOMMON 0000
__Heeprom_data               eeprom_data  0000
__Hend_init                  end_init     000D
__Hfunctab                   functab      0000
__Hinit                      init         000B
__Hintentry                  intentry     000B
__Hmaintext                  maintext     0000
__Hpowerup                   powerup      0000
__Hram                       ram          0000
__Hreset_vec                 reset_vec    0002
__Hsfr0                      sfr0         0000
__Hsfr1                      sfr1         0000
__Hsfr2                      sfr2         0000
__Hsfr3                      sfr3         0000
__Hspace_0                   (abs)        06F9
__Hspace_1                   (abs)        007B
__Hspace_2                   (abs)        0000
__Hspace_3                   (abs)        0000
__Hspace_4                   (abs)        4010
__Hstack                     stack        0000
__Hstrings                   strings      0000
__Htext                      text         0000
__Labs1                      abs1         0000
__Lbank0                     bank0        0000
__Lbank1                     bank1        0000
__Lbank2                     bank2        0000
__Lbank3                     bank3        0000
__LbssBANK0                  bssBANK0     0000
__Lcinit                     cinit        000D
__Lclrtext                   clrtext      0000
__Lcode                      code         0000
__Lcommon                    common       0000
__Lconfig                    config       0000
__LcstackBANK0               cstackBANK0  0000
__LcstackCOMMON              cstackCOMMON 0000
__Leeprom_data               eeprom_data  0000
__Lend_init                  end_init     000B
__Lfunctab                   functab      0000
__Linit                      init         000B
__Lintentry                  intentry     0004
__Lmaintext                  maintext     0000
__Lpowerup                   powerup      0000
__Lram                       ram          0000
__Lreset_vec                 reset_vec    0000
__Lsfr0                      sfr0         0000
__Lsfr1                      sfr1         0000
__Lsfr2                      sfr2         0000
__Lsfr3                      sfr3         0000
__Lspace_0                   (abs)        0000
__Lspace_1                   (abs)        0000
__Lspace_2                   (abs)        0000
__Lspace_3                   (abs)        0000
__Lspace_4                   (abs)        0000
__Lstack                     stack        0000
__Lstrings                   strings      0000
__Ltext                      text         0000
__S0                         (abs)        06F9
__S1                         (abs)        007B
__S2                         (abs)        0000
__S3                         (abs)        0000
___awmod                     text5        04FC
___awmod@counter             cstackCOMMON 0078
___awmod@dividend            cstackCOMMON 0075
___awmod@divisor             cstackCOMMON 0073
___awmod@sign                cstackCOMMON 0079
___bmul                      text4        06D3
___bmul@multiplicand         cstackCOMMON 0073
___bmul@multiplier           cstackCOMMON 0076
___bmul@product              cstackCOMMON 0075
___int_sp                    stack        0000
___latbits                   (abs)        0001
___lwdiv                     text12       05A3
___lwdiv@counter             cstackCOMMON 007A
___lwdiv@dividend            cstackCOMMON 0075
___lwdiv@divisor             cstackCOMMON 0073
___lwdiv@quotient            cstackCOMMON 0078
___lwmod                     text11       05E7
___lwmod@counter             cstackCOMMON 0078
___lwmod@dividend            cstackCOMMON 0075
___lwmod@divisor             cstackCOMMON 0073
___sp                        stack        0000
___stackhi                   (abs)        0000
___stacklo                   (abs)        0000
__end_of___awmod             text5        0555
__end_of___bmul              text4        06E8
__end_of___lwdiv             text12       05E7
__end_of___lwmod             text11       0621
__end_of__initialization     cinit        0014
__end_of__stringtab          strings      0631
__end_of_intToString         text9        036D
__end_of_isr                 text13       0403
__end_of_lcd_clear           text6        06F9
__end_of_lcd_cursor          text3        0488
__end_of_lcd_init            text2        04FC
__end_of_lcd_write_byte      text7        0681
__end_of_lcd_write_nibble    text8        05A3
__end_of_lcd_write_string    text1        06D3
__end_of_main                maintext     0266
__end_of_numDigits           text10       06AF
__initialization             cinit        000D
__pbssBANK0                  bssBANK0     003B
__pcstackBANK0               cstackBANK0  0020
__pcstackCOMMON              cstackCOMMON 0070
__pintentry                  intentry     0004
__pmaintext                  maintext     0017
__pstrings                   strings      0621
__ptext1                     text1        06AF
__ptext10                    text10       0681
__ptext11                    text11       05E7
__ptext12                    text12       05A3
__ptext13                    text13       036D
__ptext2                     text2        0488
__ptext3                     text3        0403
__ptext4                     text4        06D3
__ptext5                     text5        04FC
__ptext6                     text6        06E8
__ptext7                     text7        0653
__ptext8                     text8        0555
__ptext9                     text9        0266
__size_of___awmod            (abs)        0000
__size_of___bmul             (abs)        0000
__size_of___lwdiv            (abs)        0000
__size_of___lwmod            (abs)        0000
__size_of_intToString        (abs)        0000
__size_of_isr                (abs)        0000
__size_of_lcd_clear          (abs)        0000
__size_of_lcd_cursor         (abs)        0000
__size_of_lcd_init           (abs)        0000
__size_of_lcd_write_byte     (abs)        0000
__size_of_lcd_write_nibble   (abs)        0000
__size_of_lcd_write_string   (abs)        0000
__size_of_main               (abs)        0000
__size_of_numDigits          (abs)        0000
__stringbase                 strings      0630
__stringtab                  strings      0621
_events                      bssBANK0     003F
_hvfb                        bssBANK0     003B
_intToString                 text9        0266
_isr                         text13       036D
_lcd_clear                   text6        06E8
_lcd_cursor                  text3        0403
_lcd_init                    text2        0488
_lcd_write_byte              text7        0653
_lcd_write_nibble            text8        0555
_lcd_write_string            text1        06AF
_main                        maintext     0017
_numDigits                   text10       0681
_vbatt                       bssBANK0     003D
btemp                        (abs)        007E
end_of_initialization        cinit        0014
intToString@dest             cstackBANK0  0024
intToString@digits_decimal   cstackBANK0  002D
intToString@digits_whole     cstackBANK0  0030
intToString@divisor          cstackBANK0  0022
intToString@i                cstackBANK0  002E
intToString@j                cstackBANK0  002A
intToString@k                cstackBANK0  002F
intToString@number           cstackBANK0  0020
intToString@whole_portion    cstackBANK0  002B
interrupt_function           intentry     0004
intlevel0                    functab      0000
intlevel1                    functab      0000
intlevel2                    functab      0000
intlevel3                    functab      0000
intlevel4                    functab      0000
intlevel5                    functab      0000
lcd_cursor@column            cstackBANK0  0025
lcd_cursor@position          cstackBANK0  0029
lcd_cursor@row               cstackBANK0  0028
lcd_write_byte@RS            cstackCOMMON 007A
lcd_write_byte@byteIn        cstackBANK0  0024
lcd_write_byte@lowerNibble   cstackBANK0  0023
lcd_write_byte@upperNibble   cstackBANK0  0022
lcd_write_nibble@RS          cstackCOMMON 0073
lcd_write_nibble@byteIn      cstackCOMMON 0076
lcd_write_string@stringArray cstackBANK0  0025
main@i                       cstackBANK0  003A
main@numStr                  cstackBANK0  0034
numDigits@num                cstackCOMMON 0073
reset_vec                    reset_vec    0000
saved_w                      (abs)        007E
start                        init         000B
start_initialization         cinit        000D
wtemp0                       (abs)        007E


MODULE INFORMATION

Module		Function		Class		Link	Load	Size
C:\Program Files\Microchip\xc8\v2.32\pic\sources\c90\common\Umul8.c
		___bmul        		CODE           	06D3	0000	21

C:\Program Files\Microchip\xc8\v2.32\pic\sources\c90\common\Umul8.c estimated size: 21

C:\Program Files\Microchip\xc8\v2.32\pic\sources\c90\common\lwmod.c
		___lwmod       		CODE           	05E7	0000	58

C:\Program Files\Microchip\xc8\v2.32\pic\sources\c90\common\lwmod.c estimated size: 58

C:\Program Files\Microchip\xc8\v2.32\pic\sources\c90\common\awmod.c
		___awmod       		CODE           	04FC	0000	89

C:\Program Files\Microchip\xc8\v2.32\pic\sources\c90\common\awmod.c estimated size: 89

shared
		__stringtab    		STRING         	0621	0000	16
		__initialization		CODE           	000D	0000	7

shared estimated size: 23

C:\Program Files\Microchip\xc8\v2.32\pic\sources\c90\common\lwdiv.c
		___lwdiv       		CODE           	05A3	0000	68

C:\Program Files\Microchip\xc8\v2.32\pic\sources\c90\common\lwdiv.c estimated size: 68

main.c
		_lcd_write_byte		CODE           	0653	0000	46
		_numDigits     		CODE           	0681	0000	46
		_intToString   		CODE           	0266	0000	263
		_main          		CODE           	0017	0000	591
		_lcd_clear     		CODE           	06E8	0000	17
		_lcd_cursor    		CODE           	0403	0000	133
		_isr           		CODE           	036D	0000	150
		_lcd_write_nibble		CODE           	0555	0000	78
		_lcd_write_string		CODE           	06AF	0000	36
		_lcd_init      		CODE           	0488	0000	116

main.c estimated size: 1476

